stm32f4xx_it.c:93:6:NMI_Handler	0	static
stm32f4xx_it.c:106:6:HardFault_Handler	0	static
stm32f4xx_it.c:121:6:MemManage_Handler	0	static
stm32f4xx_it.c:136:6:BusFault_Handler	0	static
stm32f4xx_it.c:151:6:UsageFault_Handler	0	static
stm32f4xx_it.c:166:6:SVC_Handler	0	static
stm32f4xx_it.c:179:6:DebugMon_Handler	0	static
stm32f4xx_it.c:192:6:PendSV_Handler	0	static
stm32f4xx_it.c:205:6:SysTick_Handler	0	static
stm32f4xx_it.c:226:6:EXTI0_IRQHandler	8	static
stm32f4xx_it.c:242:6:EXTI4_IRQHandler	0	static
stm32f4xx_it.c:255:6:EXTI9_5_IRQHandler	8	static
stm32f4xx_it.c:273:6:TIM3_IRQHandler	16	static
stm32f4xx_it.c:310:6:TIM4_IRQHandler	8	static
stm32f4xx_it.c:344:6:I2C2_EV_IRQHandler	0	static
stm32f4xx_it.c:358:6:I2C2_ER_IRQHandler	0	static
stm32f4xx_it.c:372:6:USART2_IRQHandler	0	static
stm32f4xx_it.c:386:6:EXTI15_10_IRQHandler	8	static
