stm32f4xx_it.c:98:6:NMI_Handler	0	static
stm32f4xx_it.c:111:6:HardFault_Handler	0	static
stm32f4xx_it.c:126:6:MemManage_Handler	0	static
stm32f4xx_it.c:141:6:BusFault_Handler	0	static
stm32f4xx_it.c:156:6:UsageFault_Handler	0	static
stm32f4xx_it.c:171:6:SVC_Handler	0	static
stm32f4xx_it.c:184:6:DebugMon_Handler	0	static
stm32f4xx_it.c:197:6:PendSV_Handler	0	static
stm32f4xx_it.c:210:6:SysTick_Handler	0	static
stm32f4xx_it.c:231:6:EXTI0_IRQHandler	8	static
stm32f4xx_it.c:247:6:EXTI9_5_IRQHandler	8	static
stm32f4xx_it.c:268:6:TIM3_IRQHandler	16	static
stm32f4xx_it.c:307:6:TIM4_IRQHandler	8	static
stm32f4xx_it.c:343:6:I2C2_EV_IRQHandler	0	static
stm32f4xx_it.c:357:6:I2C2_ER_IRQHandler	0	static
stm32f4xx_it.c:371:6:USART2_IRQHandler	0	static
stm32f4xx_it.c:385:6:EXTI15_10_IRQHandler	16	static
